--Query--
select   groupArray(key) as keys,   count() as c from   (   select     *,     eventDate as key   from     (     select       eventDate     from       (       select         eventDate       from         fill_ex final       where         eventDate >= toDate('2021-07-01')         and eventDate<toDate('2021-07-30')       order by         eventDate )     order by       eventDate with fill     from       toDate('2021-07-01') to toDate('2021-07-30') )   order by     eventDate )
--Result--
[([datetime.date(2021, 7, 1), datetime.date(2021, 7, 2), datetime.date(2021, 7, 3), datetime.date(2021, 7, 4), datetime.date(2021, 7, 5), datetime.date(2021, 7, 6), datetime.date(2021, 7, 7), datetime.date(2021, 7, 8), datetime.date(2021, 7, 9), datetime.date(2021, 7, 10), datetime.date(2021, 7, 11), datetime.date(2021, 7, 12), datetime.date(2021, 7, 13), datetime.date(2021, 7, 14), datetime.date(2021, 7, 15), datetime.date(2021, 7, 16), datetime.date(2021, 7, 17), datetime.date(2021, 7, 18), datetime.date(2021, 7, 19), datetime.date(2021, 7, 20), datetime.date(2021, 7, 21), datetime.date(2021, 7, 22), datetime.date(2021, 7, 23), datetime.date(2021, 7, 24), datetime.date(2021, 7, 25), datetime.date(2021, 7, 26), datetime.date(2021, 7, 27), datetime.date(2021, 7, 28), datetime.date(2021, 7, 29)], 29)]
+--------------------+
